
								p gina: 1 

 Listado Fuente: EJ7P212.LST
 Programa Fuente en: EJ7P212.asm
 Fecha: Sat Sep 01 16:45:15 2012

 ÚDir.ÚCodigo maquina	 Linea¿	ÚCodigo en lenguaje ensamble

			      1	                                         ORG  10
				00H
 1000 49 4E 47 52 45 53	      2	                            MSJ1         DB  "IN
				GRESE PRIMER NUMERO"
 1006 45 20 50 52 49 4D
 100C 45 52 20 4E 55 4D
 1012 45 52 4F
 1015 49		      3	                            FIN1         DB   ?
 1016 49 4E 47 52 45 53	      4	                            MSJ2         DB  "IN
				GRESE SEGUNDO NUMERO"
 101C 45 20 53 45 47 55
 1022 4E 44 4F 20 4E 55
 1028 4D 45 52 4F
 102C 49		      5	                            FIN2         DB   ?
 102D 49		      6	                            NUM1         DB   ?
 102E 49		      7	                            NUM2         DB   ?
 102F 30		      8	                            RESUL        DB   30
				H
 1030 30		      9	                                         DB   30
				H
			     10	;
			     11	;
			     12	                                         ORG 200
				0H
 2000 B8 00 00		     13	                                         MOV AX,
				 0000H
 2003 BB 00 10		     14	                                         MOV BX,
				 OFFSET MSJ1
 2006 B0 15		     15	                                         MOV AL,
				 OFFSET FIN1 - OFFSET MSJ1
 2008 CD 07		     16	                                         INT 7
 200A BB 2D 10		     17	                                         MOV BX,
				 OFFSET NUM1
 200D CD 06		     18	                                         INT 6
 200F BB 16 10		     19	                                         MOV BX,
				 OFFSET MSJ2
 2012 B0 16		     20	                                         MOV AL,
				 OFFSET FIN2 - OFFSET MSJ2
 2014 CD 07		     21	                                         INT 7
 2016 BB 2E 10		     22	                                         MOV BX,
				 OFFSET NUM2
 2019 CD 06		     23	                                         INT 6
 201B 8A 06 2D 10	     24	                                         MOV AL,
				 NUM1
 201F 02 06 2E 10	     25	                                         ADD AL,
				 NUM2
 2023 80 E8 30		     26	                                         SUB AL,
				 30H
 2026 80 F8 3A		     27	                                         CMP AL,
				 3AH
 2029 72 0C		     28	                                         JC  RES
				UL_COREC
 202B 80 C0 06		     29	                                         ADD AL,
				 6
 202E 80 E8 10		     30	                                         SUB AL,



								p gina: 2 

				 10H
 2031 80 C4 31		     31	                                         ADD AH,
				 31H
 2034 E9 39 20		     32	                                         JMP ABA
				JO
 2037 B4 30		     33	                         RESUL_CORREC:   MOV AH,
				 30H
 2039 88 26 2F 10	     34	                                ABAJO:   MOV RES
				UL, AH
 203D 88 06 30 10	     35	                                         MOV RES
				UL+1, AL
 2041 BB 2F 10		     36	                                         MOV BX,
				 OFFSET RESUL
 2044 B0 02		     37	                                         MOV AL,
				 2
 2046 CD 07		     38	                                         INT 7
 2048 F4		     39	                                         HLT
			     40	                                         END


 S I M B O L O S:

 Nombre:	Tipo:		Valor:

 MSJ1    	Byte		1000h
 FIN1    	Byte		1015h
 MSJ2    	Byte		1016h
 FIN2    	Byte		102Ch
 NUM1    	Byte		102Dh
 NUM2    	Byte		102Eh
 RESUL   	Byte		102Fh
 RESUL_CO	Label		2037h
 ABAJO   	Label		2039h